npm error Missing script: "dev:web"
npm error
npm error To see a list of scripts, run:
npm error   npm run
npm error A complete log of this run can be found in: /Users/seth/.npm/_logs/2025-06-23T23_31_52_143Z-debug-0.log
